// Jest Snapshot v1, https://goo.gl/fbAQLP

exports[`RecipeDetails component render correctly 1`] = `
<View>
  <Text
    style={
      {
        "fontSize": 24,
        "fontWeight": "bold",
        "marginBottom": 10,
      }
    }
  >
    Test title
  </Text>
  <View
    accessibilityState={
      {
        "busy": undefined,
        "checked": undefined,
        "disabled": undefined,
        "expanded": undefined,
        "selected": undefined,
      }
    }
    accessibilityValue={
      {
        "max": undefined,
        "min": undefined,
        "now": undefined,
        "text": undefined,
      }
    }
    accessible={true}
    collapsable={false}
    focusable={false}
    onClick={[Function]}
    onResponderGrant={[Function]}
    onResponderMove={[Function]}
    onResponderRelease={[Function]}
    onResponderTerminate={[Function]}
    onResponderTerminationRequest={[Function]}
    onStartShouldSetResponder={[Function]}
    style={
      {
        "opacity": 1,
      }
    }
  >
    <Text>
      Close
    </Text>
  </View>
  <Text
    style={
      {
        "fontSize": 18,
        "fontWeight": "bold",
        "marginTop": 10,
      }
    }
  >
    Ingredients:
  </Text>
  <Text
    style={
      {
        "fontSize": 16,
        "marginBottom": 10,
      }
    }
  >
    Test Ingredient 1, Test Ingredient 2
  </Text>
  <Text
    style={
      {
        "fontSize": 18,
        "fontWeight": "bold",
        "marginTop": 10,
      }
    }
  >
    Instructions:
  </Text>
  <Text
    style={
      {
        "fontSize": 16,
        "marginBottom": 10,
      }
    }
  >
    Test Instruction 1, Test Instruction 2
  </Text>
</View>
`;
